[23Feb2025 00:02:14.829] [Server thread/INFO] [net.minecraft.server.MinecraftServer/]: [RennSo: Teleported RennSo to 400.500000, -16.500000, -1365.500000]
[23Feb2025 00:02:33.221] [Worker-Main-91/ERROR] [net.minecraft.world.entity.decoration.HangingEntity/]: Hanging entity at invalid position: BlockPos{x=1312, y=-58, z=103}
[23Feb2025 00:02:33.222] [Worker-Main-91/ERROR] [net.minecraft.world.entity.decoration.HangingEntity/]: Hanging entity at invalid position: BlockPos{x=1312, y=-58, z=103}
[23Feb2025 00:02:35.675] [Worker-Main-91/ERROR] [net.minecraft.world.entity.decoration.HangingEntity/]: Hanging entity at invalid position: BlockPos{x=1317, y=-56, z=197}
[23Feb2025 00:02:35.711] [Worker-Main-3/ERROR] [net.minecraft.world.entity.decoration.HangingEntity/]: Hanging entity at invalid position: BlockPos{x=1312, y=-58, z=101}
[23Feb2025 00:02:35.712] [Worker-Main-3/ERROR] [net.minecraft.world.entity.decoration.HangingEntity/]: Hanging entity at invalid position: BlockPos{x=1312, y=-58, z=101}
[23Feb2025 00:02:39.539] [Worker-Main-3/ERROR] [net.minecraft.world.entity.decoration.HangingEntity/]: Hanging entity at invalid position: BlockPos{x=1312, y=-58, z=101}
[23Feb2025 00:02:39.540] [Worker-Main-3/ERROR] [net.minecraft.world.entity.decoration.HangingEntity/]: Hanging entity at invalid position: BlockPos{x=1312, y=-58, z=101}
[23Feb2025 00:02:39.540] [Worker-Main-3/ERROR] [net.minecraft.world.entity.decoration.HangingEntity/]: Hanging entity at invalid position: BlockPos{x=1312, y=-58, z=103}
[23Feb2025 00:02:39.541] [Worker-Main-3/ERROR] [net.minecraft.world.entity.decoration.HangingEntity/]: Hanging entity at invalid position: BlockPos{x=1312, y=-58, z=103}
[23Feb2025 00:02:46.278] [Server thread/INFO] [net.minecraft.server.MinecraftServer/]: [RennSo: Teleported RennSo to 314.500000, -14.500000, -1289.500000]
[23Feb2025 00:03:44.554] [Worker-Main-91/ERROR] [net.minecraft.world.entity.decoration.HangingEntity/]: Hanging entity at invalid position: BlockPos{x=-318, y=-45, z=-204}
[23Feb2025 00:03:44.554] [Worker-Main-91/ERROR] [net.minecraft.world.entity.decoration.HangingEntity/]: Hanging entity at invalid position: BlockPos{x=-320, y=-45, z=-203}
[23Feb2025 00:03:44.554] [Worker-Main-91/ERROR] [net.minecraft.world.entity.decoration.HangingEntity/]: Hanging entity at invalid position: BlockPos{x=-318, y=-45, z=-202}
[23Feb2025 00:03:53.846] [Server thread/INFO] [net.minecraft.server.MinecraftServer/]: [RennSo: Teleported RennSo to 312.500000, -7.500000, -1080.500000]
[23Feb2025 00:04:06.656] [Worker-Main-2/ERROR] [net.minecraft.world.entity.decoration.HangingEntity/]: Hanging entity at invalid position: BlockPos{x=-284, y=-57, z=-394}
[23Feb2025 00:04:06.656] [Worker-Main-2/ERROR] [net.minecraft.world.entity.decoration.HangingEntity/]: Hanging entity at invalid position: BlockPos{x=-286, y=-57, z=-393}
[23Feb2025 00:04:10.880] [Worker-Main-2/WARN] [net.minecraft.server.level.WorldGenRegion/]: Tried to access a block entity before it was created. BlockPos{x=355, y=-5, z=-848}
[23Feb2025 00:05:17.887] [Server thread/INFO] [net.minecraft.server.MinecraftServer/]: [RennSo: Teleported RennSo to 251.500000, -20.500000, -918.500000]
[23Feb2025 00:05:21.379] [Worker-Main-91/WARN] [net.minecraft.server.level.WorldGenRegion/]: Tried to access a block entity before it was created. BlockPos{x=368, y=-5, z=-788}
[23Feb2025 00:05:25.334] [Server thread/INFO] [net.minecraft.server.MinecraftServer/]: [RennSo: Teleported RennSo to 314.500000, -4.500000, -815.500000]
[23Feb2025 00:07:19.668] [Server thread/INFO] [net.minecraft.server.MinecraftServer/]: [RennSo: Teleported RennSo to 307.500000, -7.500000, -1082.500000]
[23Feb2025 00:07:26.094] [Server thread/INFO] [net.minecraft.server.MinecraftServer/]: [RennSo: Teleported RennSo to 303.500000, -16.500000, -1291.500000]
[23Feb2025 00:07:46.326] [Server thread/INFO] [net.minecraft.server.MinecraftServer/]: [RennSo: Teleported RennSo to 353.500000, 63.500000, -1307.500000]
[23Feb2025 00:09:56.283] [Server thread/INFO] [net.minecraft.server.MinecraftServer/]: [RennSo: Teleported RennSo to 183.500000, 97.500000, -1208.500000]
[23Feb2025 00:10:10.818] [Server thread/INFO] [net.minecraft.server.MinecraftServer/]: [RennSo: Teleported RennSo to 138.500000, 131.500000, -1159.500000]
[23Feb2025 00:10:12.362] [Server thread/INFO] [net.minecraft.world.entity.npc.Villager/]: Villager Villager['Unemployed'/205928, l='ServerLevel[world]', x=138.81, y=106.00, z=-1158.53] died, message: 'Unemployed was killed by magic'
[23Feb2025 00:11:00.766] [Server thread/WARN] [net.minecraft.world.level.storage.loot.functions.SetItemDamageFunction/]: Couldn't set damage of loot item 1 book
[23Feb2025 00:11:08.769] [Server thread/WARN] [net.minecraft.world.level.storage.loot.functions.SetItemDamageFunction/]: Couldn't set damage of loot item 1 book
[23Feb2025 00:11:41.965] [Server thread/INFO] [net.minecraft.server.MinecraftServer/]: [RennSo: Teleported RennSo to 369.500000, 110.500000, -1160.500000]
[23Feb2025 00:11:50.397] [Server thread/ERROR] [net.minecraft.world.level.chunk.storage.ChunkSerializer/]: Unknown structure start: watching:torch_cave
[23Feb2025 00:11:50.401] [Server thread/ERROR] [net.minecraft.world.level.chunk.storage.ChunkSerializer/]: Unknown structure start: watching:torch_cave
[23Feb2025 00:11:50.418] [Server thread/ERROR] [net.minecraft.world.level.chunk.storage.ChunkSerializer/]: Unknown structure start: watching:torch_cave
[23Feb2025 00:11:50.945] [Server thread/ERROR] [net.minecraft.world.level.chunk.storage.ChunkSerializer/]: Unknown structure start: watching:torch_cave
[23Feb2025 00:11:50.946] [Server thread/ERROR] [net.minecraft.world.level.chunk.storage.ChunkSerializer/]: Unknown structure start: watching:torch_cave
[23Feb2025 00:12:07.400] [Server thread/INFO] [net.minecraft.server.MinecraftServer/]: [RennSo: Teleported RennSo to 278.500000, 80.500000, -1335.500000]
[23Feb2025 00:16:53.208] [Server thread/INFO] [net.minecraft.server.MinecraftServer/]: [RennSo: Teleported RennSo to -1232.500000, 75.500000, 1345.500000]
[23Feb2025 00:24:48.873] [Server thread/INFO] [net.minecraft.server.MinecraftServer/]: [RennSo: Set own game mode to Spectator Mode]
[23Feb2025 00:24:51.861] [Server thread/INFO] [net.minecraft.server.MinecraftServer/]: [RennSo: Set own game mode to Creative Mode]
[23Feb2025 00:25:06.070] [Server thread/INFO] [net.minecraft.server.MinecraftServer/]: [RennSo: Gave 100000000 experience points to RennSo]
[23Feb2025 00:25:09.725] [Server thread/INFO] [net.minecraft.server.MinecraftServer/]: [RennSo: Set own game mode to Survival Mode]
